// Jest Snapshot v1, https://goo.gl/fbAQLP

exports[`Expect to Render Card List 1`] = `
"<button id=\\"counter\\" color=\\"red\\" onClick={[Function]}>
  Count: 
  0
</button>"
`;
